#testint the add function
#import the function
>>> add_integer = __import__("0-add_integer").add_integer

#adding two int
>>> add_integer(2, 3)
5

#adding two floats
>>> add_integer(2.3, 3.3)
5

#adding string and float
>>> add_integer("hello", 2.5)
Traceback (most recent call last):
 ...
TypeError: a must be an integer

#adding float and string
>>> add_integer(2.5, "39")
Traceback (most recent call last):
 ...
TypeError: b must be an integer

#test only a given
>>> add_integer(2)
100

#nan floats
>>> add_integer(float('nan'), 2)
Traceback (most recent call last):
ValueError: cannot convert float NaN to integer

#inf floats
>>> add_integer(float('inf'), 2)
Traceback (most recent call last):
OverflowError: cannot convert float infinity to integer
